[bert.house/en/index.html]
[backblue.gif]
[fade.gif]
[index.html]
[use.typekit.net/ali4ccc.js]
[bert.house/scripts/modernizr.js]
[bert.house/images/bert_loader.gif]
[bert.house/en/cases.html]
[bert.house/en/about.html]
[bert.house/en/services.html]
[bert.house/en/contact.html]
[bert.house/images/cases/joblogic/joblogic@2x.png]
[bert.house/en/cases/joblogic.html]
[bert.house/images/cases/umake/umake@2x.png]
[bert.house/en/cases/umake.html]
[bert.house/images/cases/bluemountain/bluemountain@2x.png]
[bert.house/en/cases/blue-mountain.html]
[bert.house/vendor/parallax.js]
[bert.house/scripts/app.js]
[bert.house/en/index.html]
[bert.house/vendor/video-player/font/vjs.eot]
[bert.house/vendor/video-player/font/vjsd41d.eot]
[bert.house/vendor/video-player/font/vjs.woff]
[bert.house/vendor/video-player/font/vjs.ttf]
[bert.house/vendor/video-player/video-js.css]
[bert.house/vendor/dropdown/dropdown.css]
[bert.house/images/sprite.png]
[bert.house/images/sprite@2x.png]
[bert.house/images/cases/joblogic/joblogic-bg-bottom-left.png]
[bert.house/images/cases/joblogic/joblogic-bg-top-right.png]
[bert.house/images/cases/umake/umake-bg-1920.png]
[bert.house/images/cases/umake/umake-bg-1280.png]
[bert.house/images/cases/umake/umake-bg-960.png]
[bert.house/images/cases/umake/umake-bg-768.png]
[bert.house/images/cases/umake/umake-bg-480.png]
[bert.house/images/cases/umake/pencil-tip.png]
[bert.house/images/cases/umake/pencil-body.png]
[bert.house/images/cases/bluemountain/blue-mountain-bg-1920.jpg]
[bert.house/images/cases/bluemountain/blue-mountain-bg-1280.jpg]
[bert.house/images/cases/bluemountain/blue-mountain-bg-960.jpg]
[bert.house/images/cases/bluemountain/blue-mountain-bg-768.jpg]
[bert.house/images/cases/bluemountain/blue-mountain-bg-480.jpg]
[bert.house/images/bg-home-1920.jpg]
[bert.house/images/bg-home-1280.jpg]
[bert.house/images/bg-home-960.jpg]
[bert.house/images/bg-home-480.jpg]
[bert.house/images/bg-about-1920.jpg]
[bert.house/images/bg-about-1280.jpg]
[bert.house/images/bg-about-960.jpg]
[bert.house/images/bg-about-768.jpg]
[bert.house/images/bg-about-480.jpg]
[bert.house/images/bg-cases-1920.jpg]
[bert.house/images/bg-cases-1280.jpg]
[bert.house/images/bg-cases-960.jpg]
[bert.house/images/bg-cases-768.jpg]
[bert.house/images/bg-cases-480.jpg]
[bert.house/images/bg-contact-1920.jpg]
[bert.house/images/bg-contact-1280.jpg]
[bert.house/images/bg-contact-960.jpg]
[bert.house/images/bg-contact-768.jpg]
[bert.house/images/bg-contact-480.jpg]
[bert.house/images/bg-services-960.jpg]
[bert.house/images/bg-services-480.jpg]
[bert.house/en/css/images/sprite/ico-arrow-right.png]
[bert.house/images/bert-logo-black-green.png]
[bert.house/images/bert-logo-green-text.png]
[bert.house/images/bert-logo-green.png]
[bert.house/images/bert-logo-black-white.png]
[bert.house/images/logo@2x.png]
[bert.house/images/logo-smile@2x.png]
[bert.house/images/logo-black@2x.png]
[bert.house/images/menu-hover-black1.png]
[bert.house/images/menu-hover-black2.png]
[bert.house/images/menu-hover-black3.png]
[bert.house/images/menu-hover-white1.png]
[bert.house/images/menu-hover-white2.png]
[bert.house/images/menu-hover-white3.png]
[bert.house/images/footer-logo@2x.png]
[bert.house/styles/app.css]
[www.googletagmanager.com/gtm5445.html]
[bert.house/en/cases/kroesewevers.html]
[s3-eu-west-1.amazonaws.com/assets.bert.house/cases/_squareSmall/thumb.jpg]
[bert.house/en/cases/philips.html]
[s3-eu-west-1.amazonaws.com/assets.bert.house/cases/_squareSmall/philips_cover.jpg]
[bert.house/en/cases/oxcom-helloworld.html]
[s3-eu-west-1.amazonaws.com/assets.bert.house/cases/_squareSmall/helloworld-thumbnail.jpg]
[bert.house/en/cases/kaliber.html]
[s3-eu-west-1.amazonaws.com/assets.bert.house/cases/_squareSmall/kaliber-thumbnail.jpg]
[s3-eu-west-1.amazonaws.com/assets.bert.house/cases/_squareSmall/bluemountain-thumbnail.jpg]
[bert.house/en/cases/aoc.html]
[s3-eu-west-1.amazonaws.com/assets.bert.house/cases/_squareSmall/aoc-thumbnail.jpg]
[s3-eu-west-1.amazonaws.com/assets.bert.house/cases/_squareSmall/joblogic-thumbnail.jpg]
[s3-eu-west-1.amazonaws.com/assets.bert.house/cases/_squareSmall/umake-thumbnail.jpg]
[bert.house/en/cases.html]
[bert.house/images/temp/poster-video.jpg]
[s3-eu-west-1.amazonaws.com/assets.bert.house/cases/_crop21Small/joblogic-thumbnail-small.jpg]
[s3-eu-west-1.amazonaws.com/assets.bert.house/cases/_crop21Small/root-thumbnail-small.jpg]
[s3-eu-west-1.amazonaws.com/assets.bert.house/general/_crop21Small/office-1.jpg]
[s3-eu-west-1.amazonaws.com/assets.bert.house/general/_crop21Small/office-2.jpg]
[bert.house/en/about.html]
[bert.house/en/services/ui-ux-design.html]
[s3-eu-west-1.amazonaws.com/assets.bert.house/services/service-1.png]
[bert.house/en/services/learning.html]
[s3-eu-west-1.amazonaws.com/assets.bert.house/services/service-10.png]
[bert.house/en/services/development.html]
[s3-eu-west-1.amazonaws.com/assets.bert.house/services/service-9.png]
[bert.house/en/services/branding.html]
[s3-eu-west-1.amazonaws.com/assets.bert.house/services/service-3.png]
[bert.house/en/services/animations.html]
[s3-eu-west-1.amazonaws.com/assets.bert.house/services/service-4.png]
[bert.house/en/services/design.html]
[s3-eu-west-1.amazonaws.com/assets.bert.house/services/service-2.png]
[bert.house/en/services.html]
[bert.house/en/contact.html]
[s3-eu-west-1.amazonaws.com/assets.bert.house/cases/_fitSmall/joblogic-1.jpg]
[s3-eu-west-1.amazonaws.com/assets.bert.house/cases/_fitSmall/joblogic-2.jpg]
[s3-eu-west-1.amazonaws.com/assets.bert.house/cases/_fitSmall/joblogic-3.jpg]
[s3-eu-west-1.amazonaws.com/assets.bert.house/cases/joblogic-video.png]
[s3-eu-west-1.amazonaws.com/assets.bert.house/cases/_fitSmall/joblogic-4.jpg]
[s3-eu-west-1.amazonaws.com/assets.bert.house/cases/_fitSmall/joblogic_web_2.jpg]
[s3-eu-west-1.amazonaws.com/assets.bert.house/cases/_fitSmall/joblogic_web.jpg]
[s3-eu-west-1.amazonaws.com/assets.bert.house/cases/_fitSmall/joblogic_visual_2.jpg]
[s3-eu-west-1.amazonaws.com/assets.bert.house/cases/_fitSmall/joblogic_mobile.jpg]
[s3-eu-west-1.amazonaws.com/assets.bert.house/cases/_fitSmall/joblogic_visual.jpg]
[bert.house/en/cases/joblogic.html]
[s3-eu-west-1.amazonaws.com/assets.bert.house/cases/_fitSmall/umake-verhicle.jpg]
[s3-eu-west-1.amazonaws.com/assets.bert.house/cases/_fitSmall/umake-logo.jpg]
[s3-eu-west-1.amazonaws.com/assets.bert.house/cases/umake-poster.jpg]
[s3-eu-west-1.amazonaws.com/assets.bert.house/cases/_fitSmall/umake-usual.jpg]
[s3-eu-west-1.amazonaws.com/assets.bert.house/cases/_fitSmall/umake-print.jpg]
[s3-eu-west-1.amazonaws.com/assets.bert.house/cases/_fitSmall/umake-web.jpg]
[s3-eu-west-1.amazonaws.com/assets.bert.house/cases/_fitSmall/umake-iphone.jpg]
[s3-eu-west-1.amazonaws.com/assets.bert.house/cases/_fitSmall/umake-shirt.jpg]
[s3-eu-west-1.amazonaws.com/assets.bert.house/cases/_fitSmall/umake-foot.jpg]
[bert.house/en/cases/umake.html]
[s3-eu-west-1.amazonaws.com/assets.bert.house/cases/_fitSmall/bluemountain-print.jpg]
[s3-eu-west-1.amazonaws.com/assets.bert.house/cases/_fitSmall/bluemountain-coffee.jpg]
[s3-eu-west-1.amazonaws.com/assets.bert.house/cases/_fitSmall/bluemountain-coffee-cup.jpg]
[s3-eu-west-1.amazonaws.com/assets.bert.house/cases/_fitSmall/cookie_box.jpg]
[s3-eu-west-1.amazonaws.com/assets.bert.house/cases/_fitSmall/bluemountain-phone.jpg]
[s3-eu-west-1.amazonaws.com/assets.bert.house/cases/_fitSmall/bluemountain-website.jpg]
[s3-eu-west-1.amazonaws.com/assets.bert.house/cases/_fitSmall/bluemountain-fijnproevers.jpg]
[bert.house/en/cases/blue-mountain.html]
[bert.house/vendor/video-player/font/vjs.svg]
[bert.house/en/css/images/sprite/ico-arrow-right.html]
[s3-eu-west-1.amazonaws.com/assets.bert.house/cases/_fitSmall/logo.jpg]
[s3-eu-west-1.amazonaws.com/assets.bert.house/cases/_fitSmall/kw_stationery.jpg]
[s3-eu-west-1.amazonaws.com/assets.bert.house/cases/_fitSmall/KWbrandbook.jpg]
[s3-eu-west-1.amazonaws.com/assets.bert.house/cases/_fitSmall/KWstramien_2.jpg]
[s3-eu-west-1.amazonaws.com/assets.bert.house/cases/_fitSmall/kw_magazine.jpg]
[s3-eu-west-1.amazonaws.com/assets.bert.house/cases/_fitSmall/KW_abri.jpg]
[s3-eu-west-1.amazonaws.com/assets.bert.house/cases/_fitSmall/KWaudi_2.jpg]
[s3-eu-west-1.amazonaws.com/assets.bert.house/cases/_fitSmall/KW_web1.jpg]
[s3-eu-west-1.amazonaws.com/assets.bert.house/cases/_fitSmall/KWipad.jpg]
[s3-eu-west-1.amazonaws.com/assets.bert.house/cases/_fitSmall/KW_web2.jpg]
[s3-eu-west-1.amazonaws.com/assets.bert.house/cases/_fitSmall/kussens.jpg]
[bert.house/en/cases/kroesewevers.html]
[s3-eu-west-1.amazonaws.com/assets.bert.house/cases/_fitSmall/lamp.jpg]
[s3-eu-west-1.amazonaws.com/assets.bert.house/cases/_fitSmall/philips_design1.png]
[s3-eu-west-1.amazonaws.com/assets.bert.house/cases/_fitSmall/philips_design2.png]
[s3-eu-west-1.amazonaws.com/assets.bert.house/cases/_fitSmall/philips_design3.png]
[bert.house/en/cases/philips.html]
[s3-eu-west-1.amazonaws.com/assets.bert.house/cases/_fitSmall/helloworld-logo.jpg]
[s3-eu-west-1.amazonaws.com/assets.bert.house/cases/_fitSmall/helloworld-mobile.jpg]
[s3-eu-west-1.amazonaws.com/assets.bert.house/cases/_fitSmall/helloworld-web.jpg]
[s3-eu-west-1.amazonaws.com/assets.bert.house/cases/_fitSmall/helloworld-folder.jpg]
[s3-eu-west-1.amazonaws.com/assets.bert.house/cases/_fitSmall/helloworld-wizard.jpg]
[s3-eu-west-1.amazonaws.com/assets.bert.house/cases/helloworld-poster-purpel.png]
[s3-eu-west-1.amazonaws.com/assets.bert.house/cases/helloworld-poster-green.png]
[bert.house/en/cases/oxcom-helloworld.html]
[s3-eu-west-1.amazonaws.com/assets.bert.house/cases/_fitSmall/kaliber-logo.jpg]
[s3-eu-west-1.amazonaws.com/assets.bert.house/cases/_fitSmall/kaliber-print.jpg]
[s3-eu-west-1.amazonaws.com/assets.bert.house/cases/_fitSmall/kaliber-abri.jpg]
[s3-eu-west-1.amazonaws.com/assets.bert.house/cases/_fitSmall/kaliber-building.jpg]
[s3-eu-west-1.amazonaws.com/assets.bert.house/cases/_fitSmall/kaliber-truck.jpg]
[s3-eu-west-1.amazonaws.com/assets.bert.house/cases/_fitSmall/kaliber-web.jpg]
[bert.house/en/cases/kaliber.html]
[s3-eu-west-1.amazonaws.com/assets.bert.house/cases/AOC-1.jpg]
[s3-eu-west-1.amazonaws.com/assets.bert.house/cases/_fitSmall/AOC-2.jpg]
[s3-eu-west-1.amazonaws.com/assets.bert.house/cases/_fitSmall/AOC-3.jpg]
[s3-eu-west-1.amazonaws.com/assets.bert.house/cases/_fitSmall/AOC-4.jpg]
[s3-eu-west-1.amazonaws.com/assets.bert.house/cases/_fitSmall/AOC-5.jpg]
[s3-eu-west-1.amazonaws.com/assets.bert.house/cases/_fitSmall/AOC-6.jpg]
[s3-eu-west-1.amazonaws.com/assets.bert.house/cases/_fitSmall/AOC-7.jpg]
[bert.house/en/cases/aoc.html]
[s3-eu-west-1.amazonaws.com/assets.bert.house/services/_fitLarge/joblogic.jpg]
[bert.house/en/services/ui-ux-design.html]
[s3-eu-west-1.amazonaws.com/assets.bert.house/services/_fitLarge/goedopweg.jpg]
[bert.house/en/services/learning.html]
[s3-eu-west-1.amazonaws.com/assets.bert.house/services/_fitLarge/aoc.jpg]
[bert.house/en/services/development.html]
[s3-eu-west-1.amazonaws.com/assets.bert.house/services/_fitLarge/umake.jpg]
[bert.house/en/services/branding.html]
[s3-eu-west-1.amazonaws.com/assets.bert.house/services/_fitLarge/helloworld.jpg]
[bert.house/en/services/animations.html]
[s3-eu-west-1.amazonaws.com/assets.bert.house/services/_fitLarge/Image-Design.jpg]
[bert.house/en/services/design.html]
